Generated Report on date: Fri Aug 22 15:08:53 IST 2025
Hostname: STLININF0014
Generated By: krishnaprasad
----CPU Usage----
top - 15:08:53 up  4:27,  1 user,  load average: 0.00, 0.00, 0.00
Tasks:  32 total,   1 running,  31 sleeping,   0 stopped,   0 zombie
%Cpu(s):  0.0 us,  0.8 sy,  0.0 ni, 95.2 id,  4.0 wa,  0.0 hi,  0.0 si,  0.0 st
MiB Mem :   7852.2 total,   7368.0 free,    326.6 used,    157.7 buff/cache
MiB Swap:   2048.0 total,   2048.0 free,      0.0 used.   7371.3 avail Mem 

    PID USER      PR  NI    VIRT    RES    SHR S  %CPU  %MEM     TIME+ COMMAND
      1 root      20   0  165940  10620   8060 S   0.0   0.1   0:02.45 systemd
      2 root      20   0    3060   1664   1664 S   0.0   0.0   0:00.00 init-systemd(Ub
      6 root      20   0    3076   1880   1792 S   0.0   0.0   0:00.00 init
     60 root      19  -1   64128  17616  16848 S   0.0   0.2   0:01.90 systemd-journal
     86 root      20   0   22716   5504   4608 S   0.0   0.1   0:01.10 systemd-udevd
     92 systemd+  20   0   26200  13696   8832 S   0.0   0.2   0:00.37 systemd-resolve
     93 systemd+  20   0   89364   7040   6272 S   0.0   0.1   0:01.02 systemd-timesyn
    182 root      20   0    4308   2432   2304 S   0.0   0.0   0:00.13 cron
    185 message+  20   0    8584   4480   3968 S   0.0   0.1   0:01.43 dbus-daemon
    197 root      20   0   30092  18688   9984 S   0.0   0.2   0:00.16 networkd-dispat
    199 syslog    20   0  222404   5248   4352 S   0.0   0.1   0:00.62 rsyslogd
    205 root      20   0   15328   7168   6400 S   0.0   0.1   0:00.61 systemd-logind
    225 root      20   0    3240   2176   2048 S   0.0   0.0   0:00.00 agetty
    227 root      20   0   15440   9088   7552 S   0.0   0.1   0:00.01 sshd
    232 root      20   0    3196   2176   2048 S   0.0   0.0   0:00.00 agetty
    233 root      20   0    6788   4580   3328 S   0.0   0.1   0:01.52 apache2
    234 www-data  20   0 1998188   4588   3072 S   0.0   0.1   0:00.01 apache2
    235 www-data  20   0 1998188   4588   3072 S   0.0   0.1   0:00.00 apache2
    296 root      20   0  107164  21228  13184 S   0.0   0.3   0:00.12 unattended-upgr
    348 root      20   0    3064    896    896 S   0.0   0.0   0:00.00 SessionLeader
    350 root      20   0    3080   1152   1024 S   0.0   0.0   0:00.44 Relay(356)
    356 krishna+  20   0    6220   5120   3328 S   0.0   0.1   0:00.23 bash
    360 root      20   0    7528   4736   3968 S   0.0   0.1   0:00.02 login
    456 krishna+  20   0   17088   9344   7808 S   0.0   0.1   0:00.24 systemd
    457 krishna+  20   0  168996   5180   1664 S   0.0   0.1   0:00.00 (sd-pam)
    463 krishna+  20   0    6236   5120   3328 S   0.0   0.1   0:00.03 bash
    981 root      20   0  293020  20096  17280 S   0.0   0.2   0:00.20 packagekitd
    985 root      20   0  234508   7168   6528 S   0.0   0.1   0:00.01 polkitd
   1425 krishna+  20   0    4784   3200   2944 S   0.0   0.0   0:00.00 bash
   1426 krishna+  20   0    4784   1820   1664 S   0.0   0.0   0:00.00 bash
   1427 krishna+  20   0    3216   1792   1792 S   0.0   0.0   0:00.00 tee
   1431 krishna+  20   0    7812   3584   3072 R   0.0   0.0   0:00.00 top

----Disk Usage----
Filesystem      Size  Used Avail Use% Mounted on
none            3.9G     0  3.9G   0% /usr/lib/modules/6.6.87.1-microsoft-standard-WSL2
none            3.9G  4.0K  3.9G   1% /mnt/wsl
drivers         466G   89G  377G  19% /usr/lib/wsl/drivers
/dev/sdd       1007G  2.9G  953G   1% /
none            3.9G  100K  3.9G   1% /mnt/wslg
none            3.9G     0  3.9G   0% /usr/lib/wsl/lib
rootfs          3.9G  2.7M  3.9G   1% /init
none            3.9G  516K  3.9G   1% /run
none            3.9G     0  3.9G   0% /run/lock
none            3.9G     0  3.9G   0% /run/shm
none            3.9G   76K  3.9G   1% /mnt/wslg/versions.txt
none            3.9G   76K  3.9G   1% /mnt/wslg/doc
C:\             466G   89G  377G  19% /mnt/c
tmpfs           3.9G  4.0K  3.9G   1% /run/user/1000

----Free Space Available----
               total        used        free      shared  buff/cache   available
Mem:           7.7Gi       327Mi       7.2Gi       3.0Mi       157Mi       7.2Gi
Swap:          2.0Gi          0B       2.0Gi

