Generated Report on date: Mon Nov 10 10:50:16 IST 2025
Hostname: STLININF0014
Generated By: krishnaprasad
----CPU Usage----
top - 10:50:16 up 0 min,  1 user,  load average: 0.06, 0.02, 0.00
Tasks:  30 total,   1 running,  29 sleeping,   0 stopped,   0 zombie
%Cpu(s):  0.0 us,  0.0 sy,  0.0 ni,100.0 id,  0.0 wa,  0.0 hi,  0.0 si,  0.0 st
MiB Mem :   7852.2 total,   7071.9 free,    320.6 used,    459.7 buff/cache
MiB Swap:   2048.0 total,   2048.0 free,      0.0 used.   7381.4 avail Mem 

    PID USER      PR  NI    VIRT    RES    SHR S  %CPU  %MEM     TIME+ COMMAND
      1 root      20   0  165964  10980   8164 S   0.0   0.1   0:00.51 systemd
      2 root      20   0    3060   1920   1792 S   0.0   0.0   0:00.00 init-systemd(Ub
      6 root      20   0    3076   1884   1792 S   0.0   0.0   0:00.00 init
     60 root      19  -1   39608  13568  12800 S   0.0   0.2   0:00.12 systemd-journal
     85 root      20   0   22712   5632   4480 S   0.0   0.1   0:00.13 systemd-udevd
    130 systemd+  20   0   26200  14072   9088 S   0.0   0.2   0:00.11 systemd-resolve
    131 systemd+  20   0   89364   7040   6272 S   0.0   0.1   0:00.09 systemd-timesyn
    182 root      20   0    4308   2560   2432 S   0.0   0.0   0:00.00 cron
    184 message+  20   0    8592   4096   3840 S   0.0   0.1   0:00.02 dbus-daemon
    197 root      20   0   30092  18304   9856 S   0.0   0.2   0:00.16 networkd-dispat
    198 syslog    20   0  222404   5120   4224 S   0.0   0.1   0:00.02 rsyslogd
    205 root      20   0   15332   7168   6400 S   0.0   0.1   0:00.10 systemd-logind
    224 root      20   0   15440   8960   7424 S   0.0   0.1   0:00.00 sshd
    225 root      20   0    6796   4992   3696 S   0.0   0.1   0:00.00 apache2
    226 root      20   0    3240   2176   2048 S   0.0   0.0   0:00.00 agetty
    254 root      20   0    3196   2176   2048 S   0.0   0.0   0:00.00 agetty
    296 root      20   0  107164  21120  13056 S   0.0   0.3   0:00.11 unattended-upgr
    345 www-data  20   0 1998188   4516   3072 S   0.0   0.1   0:00.00 apache2
    346 www-data  20   0 1998188   4644   3072 S   0.0   0.1   0:00.00 apache2
    434 root      20   0    3064    896    896 S   0.0   0.0   0:00.00 SessionLeader
    435 root      20   0    3080    896    896 S   0.0   0.0   0:00.02 Relay(436)
    436 krishna+  20   0    6216   4992   3328 S   0.0   0.1   0:00.04 bash
    437 root      20   0    7528   4608   3968 S   0.0   0.1   0:00.01 login
    527 krishna+  20   0   17088   9472   7936 S   0.0   0.1   0:00.05 systemd
    528 krishna+  20   0  168892   5156   1664 S   0.0   0.1   0:00.00 (sd-pam)
    536 krishna+  20   0    6236   5120   3328 S   0.0   0.1   0:00.02 bash
    558 krishna+  20   0    4784   3200   2944 S   0.0   0.0   0:00.00 bash
    559 krishna+  20   0    4784   1692   1536 S   0.0   0.0   0:00.00 bash
    560 krishna+  20   0    3216   1792   1792 S   0.0   0.0   0:00.00 tee
    564 krishna+  20   0    7808   3584   3072 R   0.0   0.0   0:00.00 top

----Disk Usage----
Filesystem      Size  Used Avail Use% Mounted on
none            3.9G     0  3.9G   0% /usr/lib/modules/6.6.87.1-microsoft-standard-WSL2
none            3.9G  4.0K  3.9G   1% /mnt/wsl
drivers         465G  144G  322G  31% /usr/lib/wsl/drivers
/dev/sdd       1007G  3.0G  953G   1% /
none            3.9G   76K  3.9G   1% /mnt/wslg
none            3.9G     0  3.9G   0% /usr/lib/wsl/lib
rootfs          3.9G  2.7M  3.9G   1% /init
none            3.9G  508K  3.9G   1% /run
none            3.9G     0  3.9G   0% /run/lock
none            3.9G     0  3.9G   0% /run/shm
none            3.9G   76K  3.9G   1% /mnt/wslg/versions.txt
none            3.9G   76K  3.9G   1% /mnt/wslg/doc
C:\             465G  144G  322G  31% /mnt/c
tmpfs           3.9G  4.0K  3.9G   1% /run/user/1000

----Free Space Available----
               total        used        free      shared  buff/cache   available
Mem:           7.7Gi       320Mi       6.9Gi       3.0Mi       459Mi       7.2Gi
Swap:          2.0Gi          0B       2.0Gi

